The type signature for ‘f4’ lacks an accompanying binding
