T10789.hs:14:7:
    Couldn't match type ‘F Maybe’ with ‘Maybe’
    Expected type: Proxy (F Maybe) -> Proxy Maybe
      Actual type: Proxy Maybe -> Proxy Maybe
    In the expression: id
    In an equation for ‘foo’: foo = id
Failed, modules loaded: none.
